{
    "-profile test": {
        "content": [
            0,
            null,
            [
                "pipeline_info"
            ],
            false,
            false,
            [
                
            ],
            false,
            [
                
            ],
            false,
            [
                
            ],
            false,
            [
                
            ],
            false,
            [
                
            ],
            false,
            [
                
            ],
            false,
            [
                
            ],
            false,
            [
                
            ],
            false,
            [
                
            ],
            false,
            [
                
            ],
            false,
            [
                
            ],
            false,
            [
                
            ],
            false,
            [
                
            ],
            false,
            [
                
            ],
            false,
            [
                
            ],
            false,
            [
                
            ],
            false,
            false
        ],
        "meta": {
            "nf-test": "0.9.2",
            "nextflow": "25.04.6"
        },
        "timestamp": "2025-09-04T10:58:38.080635133"
    }
}